// Jest Snapshot v1, https://goo.gl/fbAQLP

exports[`Content Item Selection Form matches the snapshot 1`] = `
<form
  action="http://www.example.com"
  encType="application/x-www-form-urlencoded"
  method="post"
  style={
    Object {
      "display": "none",
    }
  }
>
  <button
    type="submit"
  >
    Finish
  </button>
</form>
`;
